// Jest Snapshot v1, https://goo.gl/fbAQLP

exports[`User component snapshot HTML 1`] = `
<div>
  Loading
</div>
`;
