// Jest Snapshot v1, https://goo.gl/fbAQLP

exports[`Form component snapshot HTML 1`] = `null`;
